[5/2/2569 09:57:55] #🤖bot-test (dorime3803): <@&1415904182132539415> ขอคำคมสำหรับคนที่ยังไม่ move on
[5/2/2569 10:12:04] #🤖bot-test (dorime3803): <@1403007938343211099> Translate this massage to thai "I,m not alone."
[5/2/2569 11:26:42] #🤖bot-test (dorime3803): <@1403007938343211099>   ขอคำคมสำหรับการใช้ชีวิตหน่อย
[5/2/2569 11:27:42] #🤖bot-test (dorime3803): <@1403007938343211099> ขอคำคมสำหรับเรื่องชีวิตวัยเรียนมหาวิทยาลัยหน่อย
[5/2/2569 14:31:01] #🤖bot-test (dorime3803): <@1403007938343211099> wishercart
[5/2/2569 14:31:44] #🤖bot-test (dorime3803): <@1403007938343211099> MU/DST
[5/2/2569 15:05:56] #🤖bot-test (dorime3803): <@1403007938343211099> ปลอบใจหน่อย
[5/2/2569 15:06:27] #🤖bot-test (dorime3803): <@1403007938343211099> ปลอบ <@702163608599134280> หน่อย
[5/2/2569 16:47:52] #🤖bot-test (dorime3803): <@1403007938343211099> ขอข้อมูลเกี่ยวกับมาวิทยาลัยมหิดล
[5/2/2569 16:49:35] #🤖bot-test (dorime3803): <@1403007938343211099> ให้กำลังใจ <@662637304346836993> หน่
[5/2/2569 19:41:26] #🤖bot-test (dorime3803): <@1403007938343211099> คุณทำอะไรได้บ้าง
[5/2/2569 19:41:53] #🤖bot-test (dorime3803): คุ
[5/2/2569 19:42:08] #🤖bot-test (dorime3803): ทำ
[5/2/2569 19:42:16] #🤖bot-test (dorime3803): อะไร
[5/2/2569 19:42:29] #🤖bot-test (dorime3803): ได้บ้าง
[5/2/2569 19:47:37] #🤖bot-test (dorime3803): ค
[5/2/2569 19:52:52] #🤖bot-test (dorime3803): ค
[5/2/2569 19:53:01] #🤖bot-test (dorime3803): บ้า
[5/2/2569 19:53:53] #🤖bot-test (dorime3803): บ้า
[5/2/2569 19:55:54] #🤖bot-test (dorime3803): ค
[5/2/2569 19:56:53] #🤖bot-test (dorime3803): <@1403007938343211099> คุณทำอะไรได้บ้าง
[5/2/2569 21:33:26] #🤖bot-test (dorime3803): <@1403007938343211099>   ขอคำคมสำหรับการใช้ชีวิตหน่อย
[5/2/2569 21:34:01] #🤖bot-test (dorime3803): <@1403007938343211099>   ขอคำคมสำหรับการใช้ชีวิตหน่อย
